// Jest Snapshot v1, https://jestjs.io/docs/snapshot-testing

exports[`Menu renders correctly 1`] = `
<nav
  className="undefined hideInPrintView"
>
  <ul>
    <li>
      <a
        href="/"
      >
        Articles
      </a>
    </li>
    <li>
      <a
        href="/pages/about"
      >
        About Me
      </a>
    </li>
    <li>
      <a
        href="/pages/contacts"
      >
        Contact Me
      </a>
    </li>
  </ul>
</nav>
`;
