// Jest Snapshot v1, https://jestjs.io/docs/snapshot-testing

exports[`Copyright renders correctly 1`] = `
<div>
  All rights reserved.
</div>
`;
