// Jest Snapshot v1, https://jestjs.io/docs/snapshot-testing

exports[`Comments renders correctly 1`] = `null`;
