// Jest Snapshot v1, https://goo.gl/fbAQLP

exports[`Content renders correctly 1`] = `
Array [
  <div>
    <span>
      <span>
        <a
          href="/"
        >
          Rick 
          <span>
            van Lieshout
          </span>
        </a>
      </span>
    </span>
    <span>
      <a
        href="/"
        style={
          Object {
            "lineHeight": "50px",
            "marginRight": "10px",
          }
        }
      >
        â†© All articles
      </a>
    </span>
  </div>,
  <div>
    <h1>
      Perfecting the Art of Perfection
    </h1>
    <div
      dangerouslySetInnerHTML={
        Object {
          "__html": "<p>An Essay on Typography by Eric Gill takes the reader back to the year 1930. The year when a conflict between two worlds came to its term. The machines of the industrial world finally took over the handicrafts.</p>",
        }
      }
    />
  </div>,
]
`;
