// Jest Snapshot v1, https://goo.gl/fbAQLP

exports[`Author renders correctly 1`] = `
<div>
  <a
    href="/"
  />
  <h2>
    <a
      href="/"
    >
      Rick van Lieshout
    </a>
  </h2>
  <p />
</div>
`;
