// Jest Snapshot v1, https://jestjs.io/docs/snapshot-testing

exports[`Meta renders correctly 1`] = `
<div>
  <p>
    Published
     
    Sep 1, 2016
  </p>
</div>
`;
